[2m2025-12-06T12:30:16.633060Z[0m [32m INFO[0m [2methereum_transaction_pool_monitor[0m[2m:[0m Application started with 0 pools in database
[2m2025-12-06T12:30:16.633114Z[0m [32m INFO[0m [2methereum_transaction_pool_monitor[0m[2m:[0m Spawning background transaction updater task
[2m2025-12-06T12:30:16.633241Z[0m [32m INFO[0m [2methereum_transaction_pool_monitor[0m[2m:[0m Background transaction updater spawned successfully
[2m2025-12-06T12:30:16.633253Z[0m [32m INFO[0m [2methereum_transaction_pool_monitor[0m[2m:[0m Spawning background pool loader task
[2m2025-12-06T12:30:16.633662Z[0m [32m INFO[0m [2methereum_transaction_pool_monitor::transaction_updater[0m[2m:[0m Background transaction updater: Initializing...
[2m2025-12-06T12:30:16.633691Z[0m [32m INFO[0m [2methereum_transaction_pool_monitor::transaction_updater[0m[2m:[0m RPC URL: http://192.168.0.14:8545
[2m2025-12-06T12:30:16.633699Z[0m [32m INFO[0m [2methereum_transaction_pool_monitor::transaction_updater[0m[2m:[0m DB Path: dex_pools.db
[2m2025-12-06T12:30:16.633706Z[0m [32m INFO[0m [2methereum_transaction_pool_monitor::transaction_updater[0m[2m:[0m Chain ID: 1
[2m2025-12-06T12:30:16.633711Z[0m [32m INFO[0m [2methereum_transaction_pool_monitor::transaction_updater[0m[2m:[0m Creating EthereumClient...
[2m2025-12-06T12:30:16.633730Z[0m [32m INFO[0m [2methereum_transaction_pool_monitor::transaction_updater[0m[2m:[0m EthereumClient created successfully
[2m2025-12-06T12:30:16.633736Z[0m [32m INFO[0m [2methereum_transaction_pool_monitor::transaction_updater[0m[2m:[0m Creating PoolDatabase...
[2m2025-12-06T12:30:16.634476Z[0m [32m INFO[0m [2methereum_transaction_pool_monitor::transaction_updater[0m[2m:[0m PoolDatabase created successfully
[2m2025-12-06T12:30:16.634513Z[0m [32m INFO[0m [2methereum_transaction_pool_monitor::transaction_updater[0m[2m:[0m Background transaction updater started successfully
[2m2025-12-06T12:30:16.635291Z[0m [32m INFO[0m [2methereum_transaction_pool_monitor::pool_loader[0m[2m:[0m Parallel scanning enabled (default) - using enhanced pool fetching
[2m2025-12-06T12:30:16.635334Z[0m [32m INFO[0m [2methereum_transaction_pool_monitor::pool_loader[0m[2m:[0m FORCE_POOL_REFRESH enabled - starting complete pool scan (existing: 0)
[2m2025-12-06T12:30:16.637876Z[0m [32m INFO[0m [2methereum_transaction_pool_monitor::pool_loader[0m[2m:[0m Background loader: Starting parallel pool scanning (default)
[2m2025-12-06T12:30:16.637890Z[0m [32m INFO[0m [2methereum_transaction_pool_monitor::pool_fetcher[0m[2m:[0m Starting parallel pool scanning with chunk size 50000 and batch size 20
[2m2025-12-06T12:30:16.878098Z[0m [32m INFO[0m [2methereum_transaction_pool_monitor::pool_fetcher[0m[2m:[0m Current block: 23935694
[2m2025-12-06T12:30:16.878215Z[0m [32m INFO[0m [2methereum_transaction_pool_monitor::pool_fetcher[0m[2m:[0m Generated 279 V2 ranges and 232 V3 ranges (511 total)
[2m2025-12-06T12:30:19.077574Z[0m [32m INFO[0m [2methereum_transaction_pool_monitor::transaction_updater[0m[2m:[0m Background: Got 10000 pending transactions
[2m2025-12-06T12:30:19.170237Z[0m [32m INFO[0m [2methereum_transaction_pool_monitor[0m[2m:[0m Main: Received transaction update message
[2m2025-12-06T12:30:19.170256Z[0m [32m INFO[0m [2methereum_transaction_pool_monitor[0m[2m:[0m Main: Received 10000 transactions from background
[2m2025-12-06T12:30:19.172272Z[0m [32m INFO[0m [2methereum_transaction_pool_monitor[0m[2m:[0m Main: Updated app status to: 1000 pending transactions found
[2m2025-12-06T12:30:26.443907Z[0m [32m INFO[0m [2methereum_transaction_pool_monitor::transaction_updater[0m[2m:[0m Background: Got 10000 pending transactions
[2m2025-12-06T12:30:26.475442Z[0m [32m INFO[0m [2methereum_transaction_pool_monitor[0m[2m:[0m Main: Received transaction update message
[2m2025-12-06T12:30:26.475494Z[0m [32m INFO[0m [2methereum_transaction_pool_monitor[0m[2m:[0m Main: Received 10000 transactions from background
[2m2025-12-06T12:30:26.476726Z[0m [32m INFO[0m [2methereum_transaction_pool_monitor[0m[2m:[0m Main: Updated app status to: 1000 pending transactions found
[2m2025-12-06T12:30:33.873761Z[0m [32m INFO[0m [2methereum_transaction_pool_monitor::transaction_updater[0m[2m:[0m Background: Got 10000 pending transactions
[2m2025-12-06T12:30:33.957706Z[0m [32m INFO[0m [2methereum_transaction_pool_monitor[0m[2m:[0m Main: Received transaction update message
[2m2025-12-06T12:30:33.957731Z[0m [32m INFO[0m [2methereum_transaction_pool_monitor[0m[2m:[0m Main: Received 10000 transactions from background
[2m2025-12-06T12:30:33.959036Z[0m [32m INFO[0m [2methereum_transaction_pool_monitor[0m[2m:[0m Main: Updated app status to: 1000 pending transactions found
[2m2025-12-06T12:30:41.230073Z[0m [32m INFO[0m [2methereum_transaction_pool_monitor::transaction_updater[0m[2m:[0m Background: Got 10000 pending transactions
[2m2025-12-06T12:30:41.241223Z[0m [32m INFO[0m [2methereum_transaction_pool_monitor[0m[2m:[0m Main: Received transaction update message
[2m2025-12-06T12:30:41.241248Z[0m [32m INFO[0m [2methereum_transaction_pool_monitor[0m[2m:[0m Main: Received 10000 transactions from background
[2m2025-12-06T12:30:41.242439Z[0m [32m INFO[0m [2methereum_transaction_pool_monitor[0m[2m:[0m Main: Updated app status to: 1000 pending transactions found
[2m2025-12-06T12:30:48.108001Z[0m [32m INFO[0m [2methereum_transaction_pool_monitor::transaction_updater[0m[2m:[0m Background: Got 10000 pending transactions
[2m2025-12-06T12:30:48.203946Z[0m [32m INFO[0m [2methereum_transaction_pool_monitor[0m[2m:[0m Main: Received transaction update message
[2m2025-12-06T12:30:48.203991Z[0m [32m INFO[0m [2methereum_transaction_pool_monitor[0m[2m:[0m Main: Received 10000 transactions from background
[2m2025-12-06T12:30:48.205729Z[0m [32m INFO[0m [2methereum_transaction_pool_monitor[0m[2m:[0m Main: Updated app status to: 1000 pending transactions found
[2m2025-12-06T12:30:55.069410Z[0m [32m INFO[0m [2methereum_transaction_pool_monitor::transaction_updater[0m[2m:[0m Background: Got 10000 pending transactions
[2m2025-12-06T12:30:55.074728Z[0m [32m INFO[0m [2methereum_transaction_pool_monitor[0m[2m:[0m Main: Received transaction update message
[2m2025-12-06T12:30:55.074738Z[0m [32m INFO[0m [2methereum_transaction_pool_monitor[0m[2m:[0m Main: Received 10000 transactions from background
[2m2025-12-06T12:30:55.075946Z[0m [32m INFO[0m [2methereum_transaction_pool_monitor[0m[2m:[0m Main: Updated app status to: 1000 pending transactions found
[2m2025-12-06T12:31:02.351507Z[0m [32m INFO[0m [2methereum_transaction_pool_monitor::transaction_updater[0m[2m:[0m Background: Got 10000 pending transactions
[2m2025-12-06T12:31:02.372201Z[0m [32m INFO[0m [2methereum_transaction_pool_monitor[0m[2m:[0m Main: Received transaction update message
[2m2025-12-06T12:31:02.375281Z[0m [32m INFO[0m [2methereum_transaction_pool_monitor[0m[2m:[0m Main: Received 10000 transactions from background
[2m2025-12-06T12:31:02.376504Z[0m [32m INFO[0m [2methereum_transaction_pool_monitor[0m[2m:[0m Main: Updated app status to: 1000 pending transactions found
[2m2025-12-06T12:31:09.275151Z[0m [32m INFO[0m [2methereum_transaction_pool_monitor::transaction_updater[0m[2m:[0m Background: Got 10000 pending transactions
[2m2025-12-06T12:31:09.356234Z[0m [32m INFO[0m [2methereum_transaction_pool_monitor[0m[2m:[0m Main: Received transaction update message
[2m2025-12-06T12:31:09.356262Z[0m [32m INFO[0m [2methereum_transaction_pool_monitor[0m[2m:[0m Main: Received 10000 transactions from background
[2m2025-12-06T12:31:09.357575Z[0m [32m INFO[0m [2methereum_transaction_pool_monitor[0m[2m:[0m Main: Updated app status to: 1000 pending transactions found
[2m2025-12-06T12:31:16.088967Z[0m [32m INFO[0m [2methereum_transaction_pool_monitor::transaction_updater[0m[2m:[0m Background: Got 10000 pending transactions
[2m2025-12-06T12:31:16.146546Z[0m [32m INFO[0m [2methereum_transaction_pool_monitor[0m[2m:[0m Main: Received transaction update message
[2m2025-12-06T12:31:16.146586Z[0m [32m INFO[0m [2methereum_transaction_pool_monitor[0m[2m:[0m Main: Received 10000 transactions from background
[2m2025-12-06T12:31:16.148051Z[0m [32m INFO[0m [2methereum_transaction_pool_monitor[0m[2m:[0m Main: Updated app status to: 1000 pending transactions found
[2m2025-12-06T12:31:22.898440Z[0m [32m INFO[0m [2methereum_transaction_pool_monitor::transaction_updater[0m[2m:[0m Background: Got 10000 pending transactions
[2m2025-12-06T12:31:22.908621Z[0m [32m INFO[0m [2methereum_transaction_pool_monitor[0m[2m:[0m Main: Received transaction update message
[2m2025-12-06T12:31:22.908636Z[0m [32m INFO[0m [2methereum_transaction_pool_monitor[0m[2m:[0m Main: Received 10000 transactions from background
[2m2025-12-06T12:31:22.909876Z[0m [32m INFO[0m [2methereum_transaction_pool_monitor[0m[2m:[0m Main: Updated app status to: 1000 pending transactions found
[2m2025-12-06T12:31:23.397609Z[0m [32m INFO[0m [2methereum_transaction_pool_monitor::pool_fetcher[0m[2m:[0m Adding 11611 pools to database
[2m2025-12-06T12:31:23.477469Z[0m [32m INFO[0m [2methereum_transaction_pool_monitor::pool_fetcher[0m[2m:[0m Parallel pool scanning complete: 11611 pools found
[2m2025-12-06T12:31:23.479504Z[0m [32m INFO[0m [2methereum_transaction_pool_monitor::pool_loader[0m[2m:[0m Background loader: Parallel scanning found 11611 total pools
[2m2025-12-06T12:31:23.479923Z[0m [32m INFO[0m [2methereum_transaction_pool_monitor::pool_loader[0m[2m:[0m Background loader: Complete! 11611 total pools
[2m2025-12-06T12:31:23.520868Z[0m [32m INFO[0m [2methereum_transaction_pool_monitor[0m[2m:[0m Pool loader complete: V2=9199 V3=2412 Total=11611
[2m2025-12-06T12:31:42.774865Z[0m [32m INFO[0m [2methereum_transaction_pool_monitor::transaction_updater[0m[2m:[0m Background: Got 10000 pending transactions
[2m2025-12-06T12:31:42.804187Z[0m [32m INFO[0m [2methereum_transaction_pool_monitor[0m[2m:[0m Main: Received transaction update message
[2m2025-12-06T12:31:42.804214Z[0m [32m INFO[0m [2methereum_transaction_pool_monitor[0m[2m:[0m Main: Received 10000 transactions from background
[2m2025-12-06T12:31:42.805767Z[0m [32m INFO[0m [2methereum_transaction_pool_monitor[0m[2m:[0m Main: Updated app status to: 1000 pending transactions found
[2m2025-12-06T12:32:02.782356Z[0m [32m INFO[0m [2methereum_transaction_pool_monitor::transaction_updater[0m[2m:[0m Background: Got 10000 pending transactions
[2m2025-12-06T12:32:02.794770Z[0m [32m INFO[0m [2methereum_transaction_pool_monitor[0m[2m:[0m Main: Received transaction update message
[2m2025-12-06T12:32:02.794797Z[0m [32m INFO[0m [2methereum_transaction_pool_monitor[0m[2m:[0m Main: Received 10000 transactions from background
[2m2025-12-06T12:32:02.796250Z[0m [32m INFO[0m [2methereum_transaction_pool_monitor[0m[2m:[0m Main: Updated app status to: 1000 pending transactions found
[2m2025-12-06T12:32:23.036599Z[0m [32m INFO[0m [2methereum_transaction_pool_monitor::transaction_updater[0m[2m:[0m Background: Got 10000 pending transactions
[2m2025-12-06T12:32:23.090822Z[0m [32m INFO[0m [2methereum_transaction_pool_monitor[0m[2m:[0m Main: Received transaction update message
[2m2025-12-06T12:32:23.090852Z[0m [32m INFO[0m [2methereum_transaction_pool_monitor[0m[2m:[0m Main: Received 10000 transactions from background
[2m2025-12-06T12:32:23.092565Z[0m [32m INFO[0m [2methereum_transaction_pool_monitor[0m[2m:[0m Main: Updated app status to: 1000 pending transactions found
[2m2025-12-06T12:32:42.824393Z[0m [32m INFO[0m [2methereum_transaction_pool_monitor::transaction_updater[0m[2m:[0m Background: Got 10000 pending transactions
[2m2025-12-06T12:32:42.872487Z[0m [32m INFO[0m [2methereum_transaction_pool_monitor[0m[2m:[0m Main: Received transaction update message
[2m2025-12-06T12:32:42.872514Z[0m [32m INFO[0m [2methereum_transaction_pool_monitor[0m[2m:[0m Main: Received 10000 transactions from background
[2m2025-12-06T12:32:42.874104Z[0m [32m INFO[0m [2methereum_transaction_pool_monitor[0m[2m:[0m Main: Updated app status to: 1000 pending transactions found
[2m2025-12-06T12:33:02.323970Z[0m [32m INFO[0m [2methereum_transaction_pool_monitor::transaction_updater[0m[2m:[0m Background: Got 10000 pending transactions
[2m2025-12-06T12:33:02.355014Z[0m [32m INFO[0m [2methereum_transaction_pool_monitor[0m[2m:[0m Main: Received transaction update message
[2m2025-12-06T12:33:02.355048Z[0m [32m INFO[0m [2methereum_transaction_pool_monitor[0m[2m:[0m Main: Received 10000 transactions from background
[2m2025-12-06T12:33:02.356535Z[0m [32m INFO[0m [2methereum_transaction_pool_monitor[0m[2m:[0m Main: Updated app status to: 1000 pending transactions found
[2m2025-12-06T12:33:22.491020Z[0m [32m INFO[0m [2methereum_transaction_pool_monitor::transaction_updater[0m[2m:[0m Background: Got 10000 pending transactions
[2m2025-12-06T12:33:22.549003Z[0m [32m INFO[0m [2methereum_transaction_pool_monitor[0m[2m:[0m Main: Received transaction update message
[2m2025-12-06T12:33:22.550699Z[0m [32m INFO[0m [2methereum_transaction_pool_monitor[0m[2m:[0m Main: Received 10000 transactions from background
[2m2025-12-06T12:33:22.552352Z[0m [32m INFO[0m [2methereum_transaction_pool_monitor[0m[2m:[0m Main: Updated app status to: 1000 pending transactions found
[2m2025-12-06T12:33:41.966645Z[0m [32m INFO[0m [2methereum_transaction_pool_monitor::transaction_updater[0m[2m:[0m Background: Got 10000 pending transactions
[2m2025-12-06T12:33:42.011950Z[0m [32m INFO[0m [2methereum_transaction_pool_monitor[0m[2m:[0m Main: Received transaction update message
[2m2025-12-06T12:33:42.011971Z[0m [32m INFO[0m [2methereum_transaction_pool_monitor[0m[2m:[0m Main: Received 10000 transactions from background
[2m2025-12-06T12:33:42.013461Z[0m [32m INFO[0m [2methereum_transaction_pool_monitor[0m[2m:[0m Main: Updated app status to: 1000 pending transactions found
[2m2025-12-06T12:34:01.806033Z[0m [32m INFO[0m [2methereum_transaction_pool_monitor::transaction_updater[0m[2m:[0m Background: Got 10000 pending transactions
[2m2025-12-06T12:34:01.900248Z[0m [32m INFO[0m [2methereum_transaction_pool_monitor[0m[2m:[0m Main: Received transaction update message
[2m2025-12-06T12:34:01.900269Z[0m [32m INFO[0m [2methereum_transaction_pool_monitor[0m[2m:[0m Main: Received 10000 transactions from background
[2m2025-12-06T12:34:01.901868Z[0m [32m INFO[0m [2methereum_transaction_pool_monitor[0m[2m:[0m Main: Updated app status to: 1000 pending transactions found
[2m2025-12-06T12:34:21.719278Z[0m [32m INFO[0m [2methereum_transaction_pool_monitor::transaction_updater[0m[2m:[0m Background: Got 10000 pending transactions
[2m2025-12-06T12:34:21.783921Z[0m [32m INFO[0m [2methereum_transaction_pool_monitor[0m[2m:[0m Main: Received transaction update message
[2m2025-12-06T12:34:21.783951Z[0m [32m INFO[0m [2methereum_transaction_pool_monitor[0m[2m:[0m Main: Received 10000 transactions from background
[2m2025-12-06T12:34:21.785707Z[0m [32m INFO[0m [2methereum_transaction_pool_monitor[0m[2m:[0m Main: Updated app status to: 1000 pending transactions found
[2m2025-12-06T12:34:41.231346Z[0m [32m INFO[0m [2methereum_transaction_pool_monitor::transaction_updater[0m[2m:[0m Background: Got 10000 pending transactions
[2m2025-12-06T12:34:41.279999Z[0m [32m INFO[0m [2methereum_transaction_pool_monitor[0m[2m:[0m Main: Received transaction update message
[2m2025-12-06T12:34:41.280038Z[0m [32m INFO[0m [2methereum_transaction_pool_monitor[0m[2m:[0m Main: Received 10000 transactions from background
[2m2025-12-06T12:34:41.281410Z[0m [32m INFO[0m [2methereum_transaction_pool_monitor[0m[2m:[0m Main: Updated app status to: 1000 pending transactions found
[2m2025-12-06T12:35:00.895746Z[0m [32m INFO[0m [2methereum_transaction_pool_monitor::transaction_updater[0m[2m:[0m Background: Got 10000 pending transactions
[2m2025-12-06T12:35:00.963476Z[0m [32m INFO[0m [2methereum_transaction_pool_monitor[0m[2m:[0m Main: Received transaction update message
[2m2025-12-06T12:35:00.963501Z[0m [32m INFO[0m [2methereum_transaction_pool_monitor[0m[2m:[0m Main: Received 10000 transactions from background
[2m2025-12-06T12:35:00.965128Z[0m [32m INFO[0m [2methereum_transaction_pool_monitor[0m[2m:[0m Main: Updated app status to: 1000 pending transactions found
[2m2025-12-06T12:35:20.357986Z[0m [32m INFO[0m [2methereum_transaction_pool_monitor::transaction_updater[0m[2m:[0m Background: Got 10000 pending transactions
[2m2025-12-06T12:35:20.437176Z[0m [32m INFO[0m [2methereum_transaction_pool_monitor[0m[2m:[0m Main: Received transaction update message
[2m2025-12-06T12:35:20.437201Z[0m [32m INFO[0m [2methereum_transaction_pool_monitor[0m[2m:[0m Main: Received 10000 transactions from background
[2m2025-12-06T12:35:20.438842Z[0m [32m INFO[0m [2methereum_transaction_pool_monitor[0m[2m:[0m Main: Updated app status to: 1000 pending transactions found
[2m2025-12-06T12:35:40.179971Z[0m [32m INFO[0m [2methereum_transaction_pool_monitor::transaction_updater[0m[2m:[0m Background: Got 10000 pending transactions
[2m2025-12-06T12:35:40.239804Z[0m [32m INFO[0m [2methereum_transaction_pool_monitor[0m[2m:[0m Main: Received transaction update message
[2m2025-12-06T12:35:40.239826Z[0m [32m INFO[0m [2methereum_transaction_pool_monitor[0m[2m:[0m Main: Received 10000 transactions from background
[2m2025-12-06T12:35:40.241432Z[0m [32m INFO[0m [2methereum_transaction_pool_monitor[0m[2m:[0m Main: Updated app status to: 1000 pending transactions found
[2m2025-12-06T12:36:00.239322Z[0m [32m INFO[0m [2methereum_transaction_pool_monitor::transaction_updater[0m[2m:[0m Background: Got 10000 pending transactions
[2m2025-12-06T12:36:00.323353Z[0m [32m INFO[0m [2methereum_transaction_pool_monitor[0m[2m:[0m Main: Received transaction update message
[2m2025-12-06T12:36:00.323381Z[0m [32m INFO[0m [2methereum_transaction_pool_monitor[0m[2m:[0m Main: Received 10000 transactions from background
[2m2025-12-06T12:36:00.324856Z[0m [32m INFO[0m [2methereum_transaction_pool_monitor[0m[2m:[0m Main: Updated app status to: 1000 pending transactions found
[2m2025-12-06T12:36:19.924047Z[0m [32m INFO[0m [2methereum_transaction_pool_monitor::transaction_updater[0m[2m:[0m Background: Got 10000 pending transactions
[2m2025-12-06T12:36:20.001427Z[0m [32m INFO[0m [2methereum_transaction_pool_monitor[0m[2m:[0m Main: Received transaction update message
[2m2025-12-06T12:36:20.001450Z[0m [32m INFO[0m [2methereum_transaction_pool_monitor[0m[2m:[0m Main: Received 10000 transactions from background
[2m2025-12-06T12:36:20.003233Z[0m [32m INFO[0m [2methereum_transaction_pool_monitor[0m[2m:[0m Main: Updated app status to: 1000 pending transactions found
[2m2025-12-06T12:36:39.470287Z[0m [32m INFO[0m [2methereum_transaction_pool_monitor::transaction_updater[0m[2m:[0m Background: Got 10000 pending transactions
[2m2025-12-06T12:36:39.510980Z[0m [32m INFO[0m [2methereum_transaction_pool_monitor[0m[2m:[0m Main: Received transaction update message
[2m2025-12-06T12:36:39.511015Z[0m [32m INFO[0m [2methereum_transaction_pool_monitor[0m[2m:[0m Main: Received 10000 transactions from background
[2m2025-12-06T12:36:39.512402Z[0m [32m INFO[0m [2methereum_transaction_pool_monitor[0m[2m:[0m Main: Updated app status to: 1000 pending transactions found
[2m2025-12-06T12:36:59.885657Z[0m [32m INFO[0m [2methereum_transaction_pool_monitor::transaction_updater[0m[2m:[0m Background: Got 10000 pending transactions
[2m2025-12-06T12:36:59.888214Z[0m [32m INFO[0m [2methereum_transaction_pool_monitor[0m[2m:[0m Main: Received transaction update message
[2m2025-12-06T12:36:59.888224Z[0m [32m INFO[0m [2methereum_transaction_pool_monitor[0m[2m:[0m Main: Received 10000 transactions from background
[2m2025-12-06T12:36:59.889495Z[0m [32m INFO[0m [2methereum_transaction_pool_monitor[0m[2m:[0m Main: Updated app status to: 1000 pending transactions found
[2m2025-12-06T12:37:20.074658Z[0m [32m INFO[0m [2methereum_transaction_pool_monitor::transaction_updater[0m[2m:[0m Background: Got 10000 pending transactions
[2m2025-12-06T12:37:20.164495Z[0m [32m INFO[0m [2methereum_transaction_pool_monitor[0m[2m:[0m Main: Received transaction update message
[2m2025-12-06T12:37:20.164511Z[0m [32m INFO[0m [2methereum_transaction_pool_monitor[0m[2m:[0m Main: Received 10000 transactions from background
[2m2025-12-06T12:37:20.165845Z[0m [32m INFO[0m [2methereum_transaction_pool_monitor[0m[2m:[0m Main: Updated app status to: 1000 pending transactions found
[2m2025-12-06T12:37:39.531317Z[0m [32m INFO[0m [2methereum_transaction_pool_monitor::transaction_updater[0m[2m:[0m Background: Got 10000 pending transactions
[2m2025-12-06T12:37:39.553723Z[0m [32m INFO[0m [2methereum_transaction_pool_monitor[0m[2m:[0m Main: Received transaction update message
[2m2025-12-06T12:37:39.553782Z[0m [32m INFO[0m [2methereum_transaction_pool_monitor[0m[2m:[0m Main: Received 10000 transactions from background
[2m2025-12-06T12:37:39.555107Z[0m [32m INFO[0m [2methereum_transaction_pool_monitor[0m[2m:[0m Main: Updated app status to: 1000 pending transactions found
[2m2025-12-06T12:37:59.222603Z[0m [32m INFO[0m [2methereum_transaction_pool_monitor::transaction_updater[0m[2m:[0m Background: Got 10000 pending transactions
[2m2025-12-06T12:37:59.235797Z[0m [32m INFO[0m [2methereum_transaction_pool_monitor[0m[2m:[0m Main: Received transaction update message
[2m2025-12-06T12:37:59.235816Z[0m [32m INFO[0m [2methereum_transaction_pool_monitor[0m[2m:[0m Main: Received 10000 transactions from background
[2m2025-12-06T12:37:59.237053Z[0m [32m INFO[0m [2methereum_transaction_pool_monitor[0m[2m:[0m Main: Updated app status to: 1000 pending transactions found
[2m2025-12-06T12:38:18.884418Z[0m [32m INFO[0m [2methereum_transaction_pool_monitor::transaction_updater[0m[2m:[0m Background: Got 10000 pending transactions
[2m2025-12-06T12:38:18.921190Z[0m [32m INFO[0m [2methereum_transaction_pool_monitor[0m[2m:[0m Main: Received transaction update message
[2m2025-12-06T12:38:18.921218Z[0m [32m INFO[0m [2methereum_transaction_pool_monitor[0m[2m:[0m Main: Received 10000 transactions from background
[2m2025-12-06T12:38:18.922576Z[0m [32m INFO[0m [2methereum_transaction_pool_monitor[0m[2m:[0m Main: Updated app status to: 1000 pending transactions found
[2m2025-12-06T12:38:39.591084Z[0m [32m INFO[0m [2methereum_transaction_pool_monitor::transaction_updater[0m[2m:[0m Background: Got 10000 pending transactions
[2m2025-12-06T12:38:39.619604Z[0m [32m INFO[0m [2methereum_transaction_pool_monitor[0m[2m:[0m Main: Received transaction update message
[2m2025-12-06T12:38:39.619632Z[0m [32m INFO[0m [2methereum_transaction_pool_monitor[0m[2m:[0m Main: Received 10000 transactions from background
[2m2025-12-06T12:38:39.621029Z[0m [32m INFO[0m [2methereum_transaction_pool_monitor[0m[2m:[0m Main: Updated app status to: 1000 pending transactions found
[2m2025-12-06T12:38:59.172665Z[0m [32m INFO[0m [2methereum_transaction_pool_monitor::transaction_updater[0m[2m:[0m Background: Got 10000 pending transactions
[2m2025-12-06T12:38:59.207653Z[0m [32m INFO[0m [2methereum_transaction_pool_monitor[0m[2m:[0m Main: Received transaction update message
[2m2025-12-06T12:38:59.207685Z[0m [32m INFO[0m [2methereum_transaction_pool_monitor[0m[2m:[0m Main: Received 10000 transactions from background
[2m2025-12-06T12:38:59.209039Z[0m [32m INFO[0m [2methereum_transaction_pool_monitor[0m[2m:[0m Main: Updated app status to: 1000 pending transactions found
[2m2025-12-06T12:39:18.729886Z[0m [32m INFO[0m [2methereum_transaction_pool_monitor::transaction_updater[0m[2m:[0m Background: Got 10000 pending transactions
[2m2025-12-06T12:39:18.798920Z[0m [32m INFO[0m [2methereum_transaction_pool_monitor[0m[2m:[0m Main: Received transaction update message
[2m2025-12-06T12:39:18.798946Z[0m [32m INFO[0m [2methereum_transaction_pool_monitor[0m[2m:[0m Main: Received 10000 transactions from background
[2m2025-12-06T12:39:18.800261Z[0m [32m INFO[0m [2methereum_transaction_pool_monitor[0m[2m:[0m Main: Updated app status to: 1000 pending transactions found
[2m2025-12-06T12:39:38.472041Z[0m [32m INFO[0m [2methereum_transaction_pool_monitor::transaction_updater[0m[2m:[0m Background: Got 10000 pending transactions
[2m2025-12-06T12:39:38.485351Z[0m [32m INFO[0m [2methereum_transaction_pool_monitor[0m[2m:[0m Main: Received transaction update message
[2m2025-12-06T12:39:38.486611Z[0m [32m INFO[0m [2methereum_transaction_pool_monitor[0m[2m:[0m Main: Received 10000 transactions from background
[2m2025-12-06T12:39:38.488041Z[0m [32m INFO[0m [2methereum_transaction_pool_monitor[0m[2m:[0m Main: Updated app status to: 1000 pending transactions found
[2m2025-12-06T12:39:58.561564Z[0m [32m INFO[0m [2methereum_transaction_pool_monitor::transaction_updater[0m[2m:[0m Background: Got 10000 pending transactions
[2m2025-12-06T12:39:58.576521Z[0m [32m INFO[0m [2methereum_transaction_pool_monitor[0m[2m:[0m Main: Received transaction update message
[2m2025-12-06T12:39:58.576545Z[0m [32m INFO[0m [2methereum_transaction_pool_monitor[0m[2m:[0m Main: Received 10000 transactions from background
[2m2025-12-06T12:39:58.577920Z[0m [32m INFO[0m [2methereum_transaction_pool_monitor[0m[2m:[0m Main: Updated app status to: 1000 pending transactions found
[2m2025-12-06T12:40:18.085783Z[0m [32m INFO[0m [2methereum_transaction_pool_monitor::transaction_updater[0m[2m:[0m Background: Got 10000 pending transactions
[2m2025-12-06T12:40:18.159761Z[0m [32m INFO[0m [2methereum_transaction_pool_monitor[0m[2m:[0m Main: Received transaction update message
[2m2025-12-06T12:40:18.159786Z[0m [32m INFO[0m [2methereum_transaction_pool_monitor[0m[2m:[0m Main: Received 10000 transactions from background
[2m2025-12-06T12:40:18.161250Z[0m [32m INFO[0m [2methereum_transaction_pool_monitor[0m[2m:[0m Main: Updated app status to: 1000 pending transactions found
[2m2025-12-06T12:40:38.106470Z[0m [32m INFO[0m [2methereum_transaction_pool_monitor::transaction_updater[0m[2m:[0m Background: Got 10000 pending transactions
[2m2025-12-06T12:40:38.147240Z[0m [32m INFO[0m [2methereum_transaction_pool_monitor[0m[2m:[0m Main: Received transaction update message
[2m2025-12-06T12:40:38.147267Z[0m [32m INFO[0m [2methereum_transaction_pool_monitor[0m[2m:[0m Main: Received 10000 transactions from background
[2m2025-12-06T12:40:38.148627Z[0m [32m INFO[0m [2methereum_transaction_pool_monitor[0m[2m:[0m Main: Updated app status to: 1000 pending transactions found
[2m2025-12-06T12:40:57.557859Z[0m [32m INFO[0m [2methereum_transaction_pool_monitor::transaction_updater[0m[2m:[0m Background: Got 10000 pending transactions
[2m2025-12-06T12:40:57.645337Z[0m [32m INFO[0m [2methereum_transaction_pool_monitor[0m[2m:[0m Main: Received transaction update message
[2m2025-12-06T12:40:57.645372Z[0m [32m INFO[0m [2methereum_transaction_pool_monitor[0m[2m:[0m Main: Received 10000 transactions from background
[2m2025-12-06T12:40:57.646788Z[0m [32m INFO[0m [2methereum_transaction_pool_monitor[0m[2m:[0m Main: Updated app status to: 1000 pending transactions found
[2m2025-12-06T12:41:17.739915Z[0m [32m INFO[0m [2methereum_transaction_pool_monitor::transaction_updater[0m[2m:[0m Background: Got 10000 pending transactions
[2m2025-12-06T12:41:17.837378Z[0m [32m INFO[0m [2methereum_transaction_pool_monitor[0m[2m:[0m Main: Received transaction update message
[2m2025-12-06T12:41:17.837403Z[0m [32m INFO[0m [2methereum_transaction_pool_monitor[0m[2m:[0m Main: Received 10000 transactions from background
[2m2025-12-06T12:41:17.838827Z[0m [32m INFO[0m [2methereum_transaction_pool_monitor[0m[2m:[0m Main: Updated app status to: 1000 pending transactions found
[2m2025-12-06T12:41:37.509994Z[0m [32m INFO[0m [2methereum_transaction_pool_monitor::transaction_updater[0m[2m:[0m Background: Got 10000 pending transactions
[2m2025-12-06T12:41:37.523431Z[0m [32m INFO[0m [2methereum_transaction_pool_monitor[0m[2m:[0m Main: Received transaction update message
[2m2025-12-06T12:41:37.523449Z[0m [32m INFO[0m [2methereum_transaction_pool_monitor[0m[2m:[0m Main: Received 10000 transactions from background
[2m2025-12-06T12:41:37.524744Z[0m [32m INFO[0m [2methereum_transaction_pool_monitor[0m[2m:[0m Main: Updated app status to: 1000 pending transactions found
[2m2025-12-06T12:41:58.014621Z[0m [32m INFO[0m [2methereum_transaction_pool_monitor::transaction_updater[0m[2m:[0m Background: Got 10000 pending transactions
[2m2025-12-06T12:41:58.032240Z[0m [32m INFO[0m [2methereum_transaction_pool_monitor[0m[2m:[0m Main: Received transaction update message
[2m2025-12-06T12:41:58.032254Z[0m [32m INFO[0m [2methereum_transaction_pool_monitor[0m[2m:[0m Main: Received 10000 transactions from background
[2m2025-12-06T12:41:58.033425Z[0m [32m INFO[0m [2methereum_transaction_pool_monitor[0m[2m:[0m Main: Updated app status to: 1000 pending transactions found
[2m2025-12-06T12:42:18.205210Z[0m [32m INFO[0m [2methereum_transaction_pool_monitor::transaction_updater[0m[2m:[0m Background: Got 10000 pending transactions
[2m2025-12-06T12:42:18.221501Z[0m [32m INFO[0m [2methereum_transaction_pool_monitor[0m[2m:[0m Main: Received transaction update message
[2m2025-12-06T12:42:18.221515Z[0m [32m INFO[0m [2methereum_transaction_pool_monitor[0m[2m:[0m Main: Received 10000 transactions from background
[2m2025-12-06T12:42:18.222747Z[0m [32m INFO[0m [2methereum_transaction_pool_monitor[0m[2m:[0m Main: Updated app status to: 1000 pending transactions found
[2m2025-12-06T12:42:37.691376Z[0m [32m INFO[0m [2methereum_transaction_pool_monitor::transaction_updater[0m[2m:[0m Background: Got 10000 pending transactions
[2m2025-12-06T12:42:37.711111Z[0m [32m INFO[0m [2methereum_transaction_pool_monitor[0m[2m:[0m Main: Received transaction update message
[2m2025-12-06T12:42:37.711131Z[0m [32m INFO[0m [2methereum_transaction_pool_monitor[0m[2m:[0m Main: Received 10000 transactions from background
[2m2025-12-06T12:42:37.712438Z[0m [32m INFO[0m [2methereum_transaction_pool_monitor[0m[2m:[0m Main: Updated app status to: 1000 pending transactions found
[2m2025-12-06T12:42:57.076573Z[0m [32m INFO[0m [2methereum_transaction_pool_monitor::transaction_updater[0m[2m:[0m Background: Got 10000 pending transactions
[2m2025-12-06T12:42:57.102167Z[0m [32m INFO[0m [2methereum_transaction_pool_monitor[0m[2m:[0m Main: Received transaction update message
[2m2025-12-06T12:42:57.102190Z[0m [32m INFO[0m [2methereum_transaction_pool_monitor[0m[2m:[0m Main: Received 10000 transactions from background
[2m2025-12-06T12:42:57.103555Z[0m [32m INFO[0m [2methereum_transaction_pool_monitor[0m[2m:[0m Main: Updated app status to: 1000 pending transactions found
[2m2025-12-06T12:43:16.739642Z[0m [32m INFO[0m [2methereum_transaction_pool_monitor::transaction_updater[0m[2m:[0m Background: Got 10000 pending transactions
[2m2025-12-06T12:43:16.785986Z[0m [32m INFO[0m [2methereum_transaction_pool_monitor[0m[2m:[0m Main: Received transaction update message
[2m2025-12-06T12:43:16.786016Z[0m [32m INFO[0m [2methereum_transaction_pool_monitor[0m[2m:[0m Main: Received 10000 transactions from background
[2m2025-12-06T12:43:16.787412Z[0m [32m INFO[0m [2methereum_transaction_pool_monitor[0m[2m:[0m Main: Updated app status to: 1000 pending transactions found
[2m2025-12-06T12:43:36.410879Z[0m [32m INFO[0m [2methereum_transaction_pool_monitor::transaction_updater[0m[2m:[0m Background: Got 10000 pending transactions
[2m2025-12-06T12:43:36.480506Z[0m [32m INFO[0m [2methereum_transaction_pool_monitor[0m[2m:[0m Main: Received transaction update message
[2m2025-12-06T12:43:36.480555Z[0m [32m INFO[0m [2methereum_transaction_pool_monitor[0m[2m:[0m Main: Received 10000 transactions from background
[2m2025-12-06T12:43:36.482029Z[0m [32m INFO[0m [2methereum_transaction_pool_monitor[0m[2m:[0m Main: Updated app status to: 1000 pending transactions found
[2m2025-12-06T12:43:56.274139Z[0m [32m INFO[0m [2methereum_transaction_pool_monitor::transaction_updater[0m[2m:[0m Background: Got 10000 pending transactions
[2m2025-12-06T12:43:56.357346Z[0m [32m INFO[0m [2methereum_transaction_pool_monitor[0m[2m:[0m Main: Received transaction update message
[2m2025-12-06T12:43:56.357387Z[0m [32m INFO[0m [2methereum_transaction_pool_monitor[0m[2m:[0m Main: Received 10000 transactions from background
[2m2025-12-06T12:43:56.359061Z[0m [32m INFO[0m [2methereum_transaction_pool_monitor[0m[2m:[0m Main: Updated app status to: 1000 pending transactions found
[2m2025-12-06T12:44:15.492959Z[0m [32m INFO[0m [2methereum_transaction_pool_monitor::transaction_updater[0m[2m:[0m Background: Got 10000 pending transactions
[2m2025-12-06T12:44:15.544867Z[0m [32m INFO[0m [2methereum_transaction_pool_monitor[0m[2m:[0m Main: Received transaction update message
[2m2025-12-06T12:44:15.544884Z[0m [32m INFO[0m [2methereum_transaction_pool_monitor[0m[2m:[0m Main: Received 10000 transactions from background
[2m2025-12-06T12:44:15.546407Z[0m [32m INFO[0m [2methereum_transaction_pool_monitor[0m[2m:[0m Main: Updated app status to: 1000 pending transactions found
[2m2025-12-06T12:44:34.569283Z[0m [32m INFO[0m [2methereum_transaction_pool_monitor::transaction_updater[0m[2m:[0m Background: Got 10000 pending transactions
[2m2025-12-06T12:44:34.624956Z[0m [32m INFO[0m [2methereum_transaction_pool_monitor[0m[2m:[0m Main: Received transaction update message
[2m2025-12-06T12:44:34.624984Z[0m [32m INFO[0m [2methereum_transaction_pool_monitor[0m[2m:[0m Main: Received 10000 transactions from background
[2m2025-12-06T12:44:34.626512Z[0m [32m INFO[0m [2methereum_transaction_pool_monitor[0m[2m:[0m Main: Updated app status to: 1000 pending transactions found
[2m2025-12-06T12:44:53.982076Z[0m [32m INFO[0m [2methereum_transaction_pool_monitor::transaction_updater[0m[2m:[0m Background: Got 10000 pending transactions
[2m2025-12-06T12:44:54.007259Z[0m [32m INFO[0m [2methereum_transaction_pool_monitor[0m[2m:[0m Main: Received transaction update message
[2m2025-12-06T12:44:54.007287Z[0m [32m INFO[0m [2methereum_transaction_pool_monitor[0m[2m:[0m Main: Received 10000 transactions from background
[2m2025-12-06T12:44:54.008621Z[0m [32m INFO[0m [2methereum_transaction_pool_monitor[0m[2m:[0m Main: Updated app status to: 1000 pending transactions found
[2m2025-12-06T12:45:13.396456Z[0m [32m INFO[0m [2methereum_transaction_pool_monitor::transaction_updater[0m[2m:[0m Background: Got 10000 pending transactions
[2m2025-12-06T12:45:13.482921Z[0m [32m INFO[0m [2methereum_transaction_pool_monitor[0m[2m:[0m Main: Received transaction update message
[2m2025-12-06T12:45:13.482951Z[0m [32m INFO[0m [2methereum_transaction_pool_monitor[0m[2m:[0m Main: Received 10000 transactions from background
[2m2025-12-06T12:45:13.484523Z[0m [32m INFO[0m [2methereum_transaction_pool_monitor[0m[2m:[0m Main: Updated app status to: 1000 pending transactions found
[2m2025-12-06T12:45:33.088370Z[0m [32m INFO[0m [2methereum_transaction_pool_monitor::transaction_updater[0m[2m:[0m Background: Got 10000 pending transactions
[2m2025-12-06T12:45:33.163676Z[0m [32m INFO[0m [2methereum_transaction_pool_monitor[0m[2m:[0m Main: Received transaction update message
[2m2025-12-06T12:45:33.163709Z[0m [32m INFO[0m [2methereum_transaction_pool_monitor[0m[2m:[0m Main: Received 10000 transactions from background
[2m2025-12-06T12:45:33.165272Z[0m [32m INFO[0m [2methereum_transaction_pool_monitor[0m[2m:[0m Main: Updated app status to: 1000 pending transactions found
[2m2025-12-06T12:45:52.431487Z[0m [32m INFO[0m [2methereum_transaction_pool_monitor::transaction_updater[0m[2m:[0m Background: Got 10000 pending transactions
[2m2025-12-06T12:45:52.442471Z[0m [32m INFO[0m [2methereum_transaction_pool_monitor[0m[2m:[0m Main: Received transaction update message
[2m2025-12-06T12:45:52.442485Z[0m [32m INFO[0m [2methereum_transaction_pool_monitor[0m[2m:[0m Main: Received 10000 transactions from background
[2m2025-12-06T12:45:52.443733Z[0m [32m INFO[0m [2methereum_transaction_pool_monitor[0m[2m:[0m Main: Updated app status to: 1000 pending transactions found
[2m2025-12-06T12:46:11.584131Z[0m [32m INFO[0m [2methereum_transaction_pool_monitor::transaction_updater[0m[2m:[0m Background: Got 10000 pending transactions
[2m2025-12-06T12:46:11.619097Z[0m [32m INFO[0m [2methereum_transaction_pool_monitor[0m[2m:[0m Main: Received transaction update message
[2m2025-12-06T12:46:11.619113Z[0m [32m INFO[0m [2methereum_transaction_pool_monitor[0m[2m:[0m Main: Received 10000 transactions from background
[2m2025-12-06T12:46:11.620441Z[0m [32m INFO[0m [2methereum_transaction_pool_monitor[0m[2m:[0m Main: Updated app status to: 1000 pending transactions found
[2m2025-12-06T12:46:30.709545Z[0m [32m INFO[0m [2methereum_transaction_pool_monitor::transaction_updater[0m[2m:[0m Background: Got 10000 pending transactions
[2m2025-12-06T12:46:30.801277Z[0m [32m INFO[0m [2methereum_transaction_pool_monitor[0m[2m:[0m Main: Received transaction update message
[2m2025-12-06T12:46:30.802129Z[0m [32m INFO[0m [2methereum_transaction_pool_monitor[0m[2m:[0m Main: Received 10000 transactions from background
[2m2025-12-06T12:46:30.804115Z[0m [32m INFO[0m [2methereum_transaction_pool_monitor[0m[2m:[0m Main: Updated app status to: 1000 pending transactions found
[2m2025-12-06T12:46:49.958496Z[0m [32m INFO[0m [2methereum_transaction_pool_monitor::transaction_updater[0m[2m:[0m Background: Got 10000 pending transactions
[2m2025-12-06T12:46:49.977500Z[0m [32m INFO[0m [2methereum_transaction_pool_monitor[0m[2m:[0m Main: Received transaction update message
[2m2025-12-06T12:46:49.977537Z[0m [32m INFO[0m [2methereum_transaction_pool_monitor[0m[2m:[0m Main: Received 10000 transactions from background
[2m2025-12-06T12:46:49.978748Z[0m [32m INFO[0m [2methereum_transaction_pool_monitor[0m[2m:[0m Main: Updated app status to: 1000 pending transactions found
[2m2025-12-06T12:47:09.076006Z[0m [32m INFO[0m [2methereum_transaction_pool_monitor::transaction_updater[0m[2m:[0m Background: Got 10000 pending transactions
[2m2025-12-06T12:47:09.162259Z[0m [32m INFO[0m [2methereum_transaction_pool_monitor[0m[2m:[0m Main: Received transaction update message
[2m2025-12-06T12:47:09.162285Z[0m [32m INFO[0m [2methereum_transaction_pool_monitor[0m[2m:[0m Main: Received 10000 transactions from background
[2m2025-12-06T12:47:09.163590Z[0m [32m INFO[0m [2methereum_transaction_pool_monitor[0m[2m:[0m Main: Updated app status to: 1000 pending transactions found
[2m2025-12-06T12:47:28.372633Z[0m [32m INFO[0m [2methereum_transaction_pool_monitor::transaction_updater[0m[2m:[0m Background: Got 10000 pending transactions
[2m2025-12-06T12:47:28.434595Z[0m [32m INFO[0m [2methereum_transaction_pool_monitor[0m[2m:[0m Main: Received transaction update message
[2m2025-12-06T12:47:28.434624Z[0m [32m INFO[0m [2methereum_transaction_pool_monitor[0m[2m:[0m Main: Received 10000 transactions from background
[2m2025-12-06T12:47:28.436187Z[0m [32m INFO[0m [2methereum_transaction_pool_monitor[0m[2m:[0m Main: Updated app status to: 1000 pending transactions found
[2m2025-12-06T12:47:48.476405Z[0m [32m INFO[0m [2methereum_transaction_pool_monitor::transaction_updater[0m[2m:[0m Background: Got 10000 pending transactions
[2m2025-12-06T12:47:48.526041Z[0m [32m INFO[0m [2methereum_transaction_pool_monitor[0m[2m:[0m Main: Received transaction update message
[2m2025-12-06T12:47:48.526290Z[0m [32m INFO[0m [2methereum_transaction_pool_monitor[0m[2m:[0m Main: Received 10000 transactions from background
[2m2025-12-06T12:47:48.527827Z[0m [32m INFO[0m [2methereum_transaction_pool_monitor[0m[2m:[0m Main: Updated app status to: 1000 pending transactions found
[2m2025-12-06T12:48:08.418991Z[0m [32m INFO[0m [2methereum_transaction_pool_monitor::transaction_updater[0m[2m:[0m Background: Got 10000 pending transactions
[2m2025-12-06T12:48:08.511310Z[0m [32m INFO[0m [2methereum_transaction_pool_monitor[0m[2m:[0m Main: Received transaction update message
[2m2025-12-06T12:48:08.511341Z[0m [32m INFO[0m [2methereum_transaction_pool_monitor[0m[2m:[0m Main: Received 10000 transactions from background
[2m2025-12-06T12:48:08.513231Z[0m [32m INFO[0m [2methereum_transaction_pool_monitor[0m[2m:[0m Main: Updated app status to: 1000 pending transactions found
[2m2025-12-06T12:48:28.152977Z[0m [32m INFO[0m [2methereum_transaction_pool_monitor::transaction_updater[0m[2m:[0m Background: Got 10000 pending transactions
[2m2025-12-06T12:48:28.200650Z[0m [32m INFO[0m [2methereum_transaction_pool_monitor[0m[2m:[0m Main: Received transaction update message
[2m2025-12-06T12:48:28.200678Z[0m [32m INFO[0m [2methereum_transaction_pool_monitor[0m[2m:[0m Main: Received 10000 transactions from background
[2m2025-12-06T12:48:28.202218Z[0m [32m INFO[0m [2methereum_transaction_pool_monitor[0m[2m:[0m Main: Updated app status to: 1000 pending transactions found
[2m2025-12-06T12:48:48.092846Z[0m [32m INFO[0m [2methereum_transaction_pool_monitor::transaction_updater[0m[2m:[0m Background: Got 10000 pending transactions
[2m2025-12-06T12:48:48.185693Z[0m [32m INFO[0m [2methereum_transaction_pool_monitor[0m[2m:[0m Main: Received transaction update message
[2m2025-12-06T12:48:48.185726Z[0m [32m INFO[0m [2methereum_transaction_pool_monitor[0m[2m:[0m Main: Received 10000 transactions from background
[2m2025-12-06T12:48:48.187580Z[0m [32m INFO[0m [2methereum_transaction_pool_monitor[0m[2m:[0m Main: Updated app status to: 1000 pending transactions found
